[    0.000000] Linux version 5.9.1.201821048 (root@seoyeong-VirtualBox) (gcc (Ubuntu 9.3.0-17ubuntu1~20.04) 9.3.0, GNU ld (GNU Binutils for Ubuntu) 2.34) #2 SMP Sun Jun 13 19:27:16 KST 2021
[    0.000000] Command line: BOOT_IMAGE=/boot/vmlinuz-5.9.1.201821048 root=UUID=706e45c6-2878-4d10-8170-e91f0579faf6 ro quiet splash
[    0.000000] KERNEL supported cpus:
[    0.000000]   Intel GenuineIntel
[    0.000000]   AMD AuthenticAMD
[    0.000000]   Hygon HygonGenuine
[    0.000000]   Centaur CentaurHauls
[    0.000000]   zhaoxin   Shanghai  
[    0.000000] x86/fpu: Supporting XSAVE feature 0x001: 'x87 floating point registers'
[    0.000000] x86/fpu: Supporting XSAVE feature 0x002: 'SSE registers'
[    0.000000] x86/fpu: Supporting XSAVE feature 0x004: 'AVX registers'
[    0.000000] x86/fpu: xstate_offset[2]:  576, xstate_sizes[2]:  256
[    0.000000] x86/fpu: Enabled xstate features 0x7, context size is 832 bytes, using 'standard' format.
[    0.000000] BIOS-provided physical RAM map:
[    0.000000] BIOS-e820: [mem 0x0000000000000000-0x000000000009fbff] usable
[    0.000000] BIOS-e820: [mem 0x000000000009fc00-0x000000000009ffff] reserved
[    0.000000] BIOS-e820: [mem 0x00000000000f0000-0x00000000000fffff] reserved
[    0.000000] BIOS-e820: [mem 0x0000000000100000-0x00000000dffeffff] usable
[    0.000000] BIOS-e820: [mem 0x00000000dfff0000-0x00000000dfffffff] ACPI data
[    0.000000] BIOS-e820: [mem 0x00000000fec00000-0x00000000fec00fff] reserved
[    0.000000] BIOS-e820: [mem 0x00000000fee00000-0x00000000fee00fff] reserved
[    0.000000] BIOS-e820: [mem 0x00000000fffc0000-0x00000000ffffffff] reserved
[    0.000000] BIOS-e820: [mem 0x0000000100000000-0x000000015fffffff] usable
[    0.000000] NX (Execute Disable) protection: active
[    0.000000] SMBIOS 2.5 present.
[    0.000000] DMI: innotek GmbH VirtualBox/VirtualBox, BIOS VirtualBox 12/01/2006
[    0.000000] Hypervisor detected: KVM
[    0.000000] kvm-clock: Using msrs 4b564d01 and 4b564d00
[    0.000000] kvm-clock: cpu 0, msr 48201001, primary cpu clock
[    0.000000] kvm-clock: using sched offset of 8131355231 cycles
[    0.000001] clocksource: kvm-clock: mask: 0xffffffffffffffff max_cycles: 0x1cd42e4dffb, max_idle_ns: 881590591483 ns
[    0.000003] tsc: Detected 2803.196 MHz processor
[    0.000706] e820: update [mem 0x00000000-0x00000fff] usable ==> reserved
[    0.000707] e820: remove [mem 0x000a0000-0x000fffff] usable
[    0.000710] last_pfn = 0x160000 max_arch_pfn = 0x400000000
[    0.000717] MTRR default type: uncachable
[    0.000717] MTRR variable ranges disabled:
[    0.000719] Disabled
[    0.000720] x86/PAT: MTRRs disabled, skipping PAT initialization too.
[    0.000721] CPU MTRRs all blank - virtualized system.
[    0.000722] x86/PAT: Configuration [0-7]: WB  WT  UC- UC  WB  WT  UC- UC  
[    0.000725] last_pfn = 0xdfff0 max_arch_pfn = 0x400000000
[    0.000767] found SMP MP-table at [mem 0x0009fff0-0x0009ffff]
[    0.049499] check: Scanning 1 areas for low memory corruption
[    0.049615] RAMDISK: [mem 0x31f9f000-0x34fc6fff]
[    0.049624] ACPI: Early table checksum verification disabled
[    0.049628] ACPI: RSDP 0x00000000000E0000 000024 (v02 VBOX  )
[    0.049631] ACPI: XSDT 0x00000000DFFF0030 00003C (v01 VBOX   VBOXXSDT 00000001 ASL  00000061)
[    0.049635] ACPI: FACP 0x00000000DFFF00F0 0000F4 (v04 VBOX   VBOXFACP 00000001 ASL  00000061)
[    0.049640] ACPI: DSDT 0x00000000DFFF0480 002325 (v02 VBOX   VBOXBIOS 00000002 INTL 20100528)
[    0.049642] ACPI: FACS 0x00000000DFFF0200 000040
[    0.049644] ACPI: FACS 0x00000000DFFF0200 000040
[    0.049645] ACPI: APIC 0x00000000DFFF0240 00006C (v02 VBOX   VBOXAPIC 00000001 ASL  00000061)
[    0.049647] ACPI: SSDT 0x00000000DFFF02B0 0001CC (v01 VBOX   VBOXCPUT 00000002 INTL 20100528)
[    0.049653] ACPI: Local APIC address 0xfee00000
[    0.049787] No NUMA configuration found
[    0.049787] Faking a node at [mem 0x0000000000000000-0x000000015fffffff]
[    0.049792] NODE_DATA(0) allocated [mem 0x15ffd2000-0x15fffbfff]
[    0.049960] Zone ranges:
[    0.049960]   DMA      [mem 0x0000000000001000-0x0000000000ffffff]
[    0.049961]   DMA32    [mem 0x0000000001000000-0x00000000ffffffff]
[    0.049962]   Normal   [mem 0x0000000100000000-0x000000015fffffff]
[    0.049962]   Device   empty
[    0.049963] Movable zone start for each node
[    0.049965] Early memory node ranges
[    0.049965]   node   0: [mem 0x0000000000001000-0x000000000009efff]
[    0.049966]   node   0: [mem 0x0000000000100000-0x00000000dffeffff]
[    0.049966]   node   0: [mem 0x0000000100000000-0x000000015fffffff]
[    0.049971] Zeroed struct page in unavailable ranges: 114 pages
[    0.049972] Initmem setup node 0 [mem 0x0000000000001000-0x000000015fffffff]
[    0.049973] On node 0 totalpages: 1310606
[    0.049973]   DMA zone: 64 pages used for memmap
[    0.049974]   DMA zone: 21 pages reserved
[    0.049974]   DMA zone: 3998 pages, LIFO batch:0
[    0.049999]   DMA32 zone: 14272 pages used for memmap
[    0.050000]   DMA32 zone: 913392 pages, LIFO batch:63
[    0.056874]   Normal zone: 6144 pages used for memmap
[    0.056874]   Normal zone: 393216 pages, LIFO batch:63
[    0.059996] ACPI: PM-Timer IO Port: 0x4008
[    0.059998] ACPI: Local APIC address 0xfee00000
[    0.060034] IOAPIC[0]: apic_id 4, version 32, address 0xfec00000, GSI 0-23
[    0.060035] ACPI: INT_SRC_OVR (bus 0 bus_irq 0 global_irq 2 dfl dfl)
[    0.060036] ACPI: INT_SRC_OVR (bus 0 bus_irq 9 global_irq 9 low level)
[    0.060038] ACPI: IRQ0 used by override.
[    0.060038] ACPI: IRQ9 used by override.
[    0.060040] Using ACPI (MADT) for SMP configuration information
[    0.060044] smpboot: Allowing 4 CPUs, 0 hotplug CPUs
[    0.060057] PM: hibernation: Registered nosave memory: [mem 0x00000000-0x00000fff]
[    0.060058] PM: hibernation: Registered nosave memory: [mem 0x0009f000-0x0009ffff]
[    0.060058] PM: hibernation: Registered nosave memory: [mem 0x000a0000-0x000effff]
[    0.060059] PM: hibernation: Registered nosave memory: [mem 0x000f0000-0x000fffff]
[    0.060059] PM: hibernation: Registered nosave memory: [mem 0xdfff0000-0xdfffffff]
[    0.060060] PM: hibernation: Registered nosave memory: [mem 0xe0000000-0xfebfffff]
[    0.060060] PM: hibernation: Registered nosave memory: [mem 0xfec00000-0xfec00fff]
[    0.060060] PM: hibernation: Registered nosave memory: [mem 0xfec01000-0xfedfffff]
[    0.060060] PM: hibernation: Registered nosave memory: [mem 0xfee00000-0xfee00fff]
[    0.060061] PM: hibernation: Registered nosave memory: [mem 0xfee01000-0xfffbffff]
[    0.060061] PM: hibernation: Registered nosave memory: [mem 0xfffc0000-0xffffffff]
[    0.060062] [mem 0xe0000000-0xfebfffff] available for PCI devices
[    0.060062] Booting paravirtualized kernel on KVM
[    0.060064] clocksource: refined-jiffies: mask: 0xffffffff max_cycles: 0xffffffff, max_idle_ns: 7645519600211568 ns
[    0.060067] setup_percpu: NR_CPUS:8192 nr_cpumask_bits:4 nr_cpu_ids:4 nr_node_ids:1
[    0.060210] percpu: Embedded 56 pages/cpu s192512 r8192 d28672 u524288
[    0.060213] pcpu-alloc: s192512 r8192 d28672 u524288 alloc=1*2097152
[    0.060213] pcpu-alloc: [0] 0 1 2 3 
[    0.060227] kvm-guest: PV spinlocks enabled
[    0.060229] PV qspinlock hash table entries: 256 (order: 0, 4096 bytes, linear)
[    0.060235] Built 1 zonelists, mobility grouping on.  Total pages: 1290105
[    0.060236] Policy zone: Normal
[    0.060237] Kernel command line: BOOT_IMAGE=/boot/vmlinuz-5.9.1.201821048 root=UUID=706e45c6-2878-4d10-8170-e91f0579faf6 ro quiet splash
[    0.060683] Dentry cache hash table entries: 1048576 (order: 11, 8388608 bytes, linear)
[    0.060882] Inode-cache hash table entries: 524288 (order: 10, 4194304 bytes, linear)
[    0.060932] mem auto-init: stack:off, heap alloc:on, heap free:off
[    0.074990] Memory: 4998684K/5242424K available (14339K kernel code, 2593K rwdata, 5116K rodata, 2632K init, 4872K bss, 243480K reserved, 0K cma-reserved)
[    0.074995] random: get_random_u64 called from __kmem_cache_create+0x31/0x430 with crng_init=0
[    0.075058] SLUB: HWalign=64, Order=0-3, MinObjects=0, CPUs=4, Nodes=1
[    0.075066] ftrace: allocating 46233 entries in 181 pages
[    0.084654] ftrace: allocated 181 pages with 5 groups
[    0.084757] rcu: Hierarchical RCU implementation.
[    0.084758] rcu: 	RCU restricting CPUs from NR_CPUS=8192 to nr_cpu_ids=4.
[    0.084759] 	Trampoline variant of Tasks RCU enabled.
[    0.084759] 	Rude variant of Tasks RCU enabled.
[    0.084760] 	Tracing variant of Tasks RCU enabled.
[    0.084760] rcu: RCU calculated value of scheduler-enlistment delay is 25 jiffies.
[    0.084761] rcu: Adjusting geometry for rcu_fanout_leaf=16, nr_cpu_ids=4
[    0.086300] NR_IRQS: 524544, nr_irqs: 456, preallocated irqs: 16
[    0.086725] random: crng done (trusting CPU's manufacturer)
[    0.092480] Console: colour VGA+ 80x25
[    0.092483] printk: console [tty0] enabled
[    0.092499] ACPI: Core revision 20200717
[    0.092571] APIC: Switch to symmetric I/O mode setup
[    0.092720] x2apic enabled
[    0.092860] Switched APIC routing to physical x2apic.
[    0.093561] ..TIMER: vector=0x30 apic1=0 pin1=2 apic2=-1 pin2=-1
[    0.093577] clocksource: tsc-early: mask: 0xffffffffffffffff max_cycles: 0x28680c0c25b, max_idle_ns: 440795263258 ns
[    0.093580] Calibrating delay loop (skipped) preset value.. 5606.39 BogoMIPS (lpj=11212784)
[    0.093581] pid_max: default: 32768 minimum: 301
[    0.093597] LSM: Security Framework initializing
[    0.093603] Yama: becoming mindful.
[    0.093618] AppArmor: AppArmor initialized
[    0.093648] Mount-cache hash table entries: 16384 (order: 5, 131072 bytes, linear)
[    0.093657] Mountpoint-cache hash table entries: 16384 (order: 5, 131072 bytes, linear)
[    0.093862] unchecked MSR access error: WRMSR to 0x3a (tried to write 0x0000000000000001) at rIP: 0xffffffff95e7b9c4 (native_write_msr+0x4/0x30)
[    0.093862] Call Trace:
[    0.093864]  ? init_ia32_feat_ctl+0x77/0x295
[    0.093866]  init_intel+0xdd/0x400
[    0.093867]  identify_cpu+0x2f3/0x580
[    0.093870]  identify_boot_cpu+0x10/0x9a
[    0.093870]  check_bugs+0x2a/0x9d2
[    0.093872]  ? __get_locked_pte+0x1c9/0x260
[    0.093873]  start_kernel+0x824/0x85e
[    0.093874]  x86_64_start_reservations+0x24/0x26
[    0.093875]  x86_64_start_kernel+0x8b/0x8f
[    0.093878]  secondary_startup_64+0xb6/0xc0
[    0.093922] Last level iTLB entries: 4KB 0, 2MB 0, 4MB 0
[    0.093922] Last level dTLB entries: 4KB 0, 2MB 0, 4MB 0, 1GB 0
[    0.093926] Spectre V1 : Mitigation: usercopy/swapgs barriers and __user pointer sanitization
[    0.093926] Spectre V2 : Mitigation: Full generic retpoline
[    0.093927] Spectre V2 : Spectre v2 / SpectreRSB mitigation: Filling RSB on context switch
[    0.093927] Speculative Store Bypass: Vulnerable
[    0.094102] Freeing SMP alternatives memory: 40K
[    0.204926] smpboot: CPU0: 11th Gen Intel(R) Core(TM) i7-1165G7 @ 2.80GHz (family: 0x6, model: 0x8c, stepping: 0x1)
[    0.205072] Performance Events: unsupported p6 CPU model 140 no PMU driver, software events only.
[    0.205098] rcu: Hierarchical SRCU implementation.
[    0.205223] NMI watchdog: Perf NMI watchdog permanently disabled
[    0.205264] smp: Bringing up secondary CPUs ...
[    0.205329] x86: Booting SMP configuration:
[    0.205330] .... node  #0, CPUs:      #1
[    0.010932] kvm-clock: cpu 1, msr 48201041, secondary cpu clock
[    0.205578]  #2
[    0.010932] kvm-clock: cpu 2, msr 48201081, secondary cpu clock
[    0.205687]  #3
[    0.010932] kvm-clock: cpu 3, msr 482010c1, secondary cpu clock
[    0.207948] smp: Brought up 1 node, 4 CPUs
[    0.207948] smpboot: Max logical packages: 1
[    0.207948] smpboot: Total of 4 processors activated (22425.56 BogoMIPS)
[    0.209634] devtmpfs: initialized
[    0.209634] x86/mm: Memory block size: 128MB
[    0.209880] clocksource: jiffies: mask: 0xffffffff max_cycles: 0xffffffff, max_idle_ns: 7645041785100000 ns
[    0.209880] futex hash table entries: 1024 (order: 4, 65536 bytes, linear)
[    0.209880] pinctrl core: initialized pinctrl subsystem
[    0.209880] PM: RTC time: 14:14:00, date: 2021-06-13
[    0.209880] NET: Registered protocol family 16
[    0.209979] DMA: preallocated 1024 KiB GFP_KERNEL pool for atomic allocations
[    0.210048] DMA: preallocated 1024 KiB GFP_KERNEL|GFP_DMA pool for atomic allocations
[    0.210120] DMA: preallocated 1024 KiB GFP_KERNEL|GFP_DMA32 pool for atomic allocations
[    0.210126] audit: initializing netlink subsys (disabled)
[    0.210148] audit: type=2000 audit(1623593647.653:1): state=initialized audit_enabled=0 res=1
[    0.210148] thermal_sys: Registered thermal governor 'fair_share'
[    0.210148] thermal_sys: Registered thermal governor 'bang_bang'
[    0.210148] thermal_sys: Registered thermal governor 'step_wise'
[    0.210148] thermal_sys: Registered thermal governor 'user_space'
[    0.210148] thermal_sys: Registered thermal governor 'power_allocator'
[    0.210148] EISA bus registered
[    0.210148] cpuidle: using governor ladder
[    0.210148] cpuidle: using governor menu
[    0.210148] ACPI: bus type PCI registered
[    0.210148] acpiphp: ACPI Hot Plug PCI Controller Driver version: 0.5
[    0.210148] PCI: Using configuration type 1 for base access
[    0.210754] HugeTLB registered 2.00 MiB page size, pre-allocated 0 pages
[    0.217652] ACPI: Added _OSI(Module Device)
[    0.217653] ACPI: Added _OSI(Processor Device)
[    0.217653] ACPI: Added _OSI(3.0 _SCP Extensions)
[    0.217654] ACPI: Added _OSI(Processor Aggregator Device)
[    0.217655] ACPI: Added _OSI(Linux-Dell-Video)
[    0.217655] ACPI: Added _OSI(Linux-Lenovo-NV-HDMI-Audio)
[    0.217656] ACPI: Added _OSI(Linux-HPI-Hybrid-Graphics)
[    0.219104] ACPI: 2 ACPI AML tables successfully acquired and loaded
[    0.220256] ACPI: Interpreter enabled
[    0.220263] ACPI: (supports S0 S5)
[    0.220264] ACPI: Using IOAPIC for interrupt routing
[    0.221696] PCI: Using host bridge windows from ACPI; if necessary, use "pci=nocrs" and report a bug
[    0.221778] ACPI: Enabled 2 GPEs in block 00 to 07
[    0.225163] ACPI: PCI Root Bridge [PCI0] (domain 0000 [bus 00-ff])
[    0.225167] acpi PNP0A03:00: _OSC: OS supports [ASPM ClockPM Segments MSI HPX-Type3]
[    0.225497] acpi PNP0A03:00: _OSC: not requesting OS control; OS requires [ExtendedConfig ASPM ClockPM MSI]
[    0.225503] acpi PNP0A03:00: fail to add MMCONFIG information, can't access extended PCI configuration space under this bridge.
[    0.225647] PCI host bridge to bus 0000:00
[    0.225648] pci_bus 0000:00: root bus resource [io  0x0000-0x0cf7 window]
[    0.225649] pci_bus 0000:00: root bus resource [io  0x0d00-0xffff window]
[    0.225650] pci_bus 0000:00: root bus resource [mem 0x000a0000-0x000bffff window]
[    0.225651] pci_bus 0000:00: root bus resource [mem 0xe0000000-0xfdffffff window]
[    0.225651] pci_bus 0000:00: root bus resource [bus 00-ff]
[    0.225681] pci 0000:00:00.0: [8086:1237] type 00 class 0x060000
[    0.226318] pci 0000:00:01.0: [8086:7000] type 00 class 0x060100
[    0.226831] pci 0000:00:01.1: [8086:7111] type 00 class 0x01018a
[    0.227064] pci 0000:00:01.1: reg 0x20: [io  0xd000-0xd00f]
[    0.227158] pci 0000:00:01.1: legacy IDE quirk: reg 0x10: [io  0x01f0-0x01f7]
[    0.227159] pci 0000:00:01.1: legacy IDE quirk: reg 0x14: [io  0x03f6]
[    0.227160] pci 0000:00:01.1: legacy IDE quirk: reg 0x18: [io  0x0170-0x0177]
[    0.227161] pci 0000:00:01.1: legacy IDE quirk: reg 0x1c: [io  0x0376]
[    0.227546] pci 0000:00:02.0: [15ad:0405] type 00 class 0x030000
[    0.229735] pci 0000:00:02.0: reg 0x10: [io  0xd010-0xd01f]
[    0.232420] pci 0000:00:02.0: reg 0x14: [mem 0xe0000000-0xe0ffffff pref]
[    0.233747] pci 0000:00:02.0: reg 0x18: [mem 0xf0000000-0xf01fffff]
[    0.246116] pci 0000:00:03.0: [8086:100e] type 00 class 0x020000
[    0.246116] pci 0000:00:03.0: reg 0x10: [mem 0xf0200000-0xf021ffff]
[    0.249669] pci 0000:00:03.0: reg 0x18: [io  0xd020-0xd027]
[    0.262221] pci 0000:00:04.0: [80ee:cafe] type 00 class 0x088000
[    0.262221] pci 0000:00:04.0: reg 0x10: [io  0xd040-0xd05f]
[    0.263961] pci 0000:00:04.0: reg 0x14: [mem 0xf0400000-0xf07fffff]
[    0.265657] pci 0000:00:04.0: reg 0x18: [mem 0xf0800000-0xf0803fff pref]
[    0.277604] pci 0000:00:05.0: [8086:2415] type 00 class 0x040100
[    0.277669] pci 0000:00:05.0: reg 0x10: [io  0xd100-0xd1ff]
[    0.277704] pci 0000:00:05.0: reg 0x14: [io  0xd200-0xd23f]
[    0.278256] pci 0000:00:06.0: [106b:003f] type 00 class 0x0c0310
[    0.280465] pci 0000:00:06.0: reg 0x10: [mem 0xf0804000-0xf0804fff]
[    0.294093] pci 0000:00:07.0: [8086:7113] type 00 class 0x068000
[    0.294307] pci 0000:00:07.0: quirk: [io  0x4000-0x403f] claimed by PIIX4 ACPI
[    0.294321] pci 0000:00:07.0: quirk: [io  0x4100-0x410f] claimed by PIIX4 SMB
[    0.295784] pci 0000:00:0d.0: [8086:2829] type 00 class 0x010601
[    0.297666] pci 0000:00:0d.0: reg 0x10: [io  0xd240-0xd247]
[    0.299950] pci 0000:00:0d.0: reg 0x14: [io  0xd248-0xd24b]
[    0.301648] pci 0000:00:0d.0: reg 0x18: [io  0xd250-0xd257]
[    0.303858] pci 0000:00:0d.0: reg 0x1c: [io  0xd258-0xd25b]
[    0.305644] pci 0000:00:0d.0: reg 0x20: [io  0xd260-0xd26f]
[    0.307994] pci 0000:00:0d.0: reg 0x24: [mem 0xf0806000-0xf0807fff]
[    0.317912] ACPI: PCI Interrupt Link [LNKA] (IRQs 5 9 10 *11)
[    0.318088] ACPI: PCI Interrupt Link [LNKB] (IRQs 5 9 *10 11)
[    0.318146] ACPI: PCI Interrupt Link [LNKC] (IRQs 5 *9 10 11)
[    0.318205] ACPI: PCI Interrupt Link [LNKD] (IRQs 5 9 10 *11)
[    0.318386] iommu: Default domain type: Translated 
[    0.318386] pci 0000:00:02.0: vgaarb: setting as boot VGA device
[    0.318386] pci 0000:00:02.0: vgaarb: VGA device added: decodes=io+mem,owns=io+mem,locks=none
[    0.318386] pci 0000:00:02.0: vgaarb: bridge control possible
[    0.318386] vgaarb: loaded
[    0.318386] SCSI subsystem initialized
[    0.321598] libata version 3.00 loaded.
[    0.321613] ACPI: bus type USB registered
[    0.321625] usbcore: registered new interface driver usbfs
[    0.321629] usbcore: registered new interface driver hub
[    0.321641] usbcore: registered new device driver usb
[    0.321654] pps_core: LinuxPPS API ver. 1 registered
[    0.321654] pps_core: Software ver. 5.3.6 - Copyright 2005-2007 Rodolfo Giometti <giometti@linux.it>
[    0.321655] PTP clock support registered
[    0.321702] EDAC MC: Ver: 3.0.0
[    0.321767] NetLabel: Initializing
[    0.321767] NetLabel:  domain hash size = 128
[    0.321767] NetLabel:  protocols = UNLABELED CIPSOv4 CALIPSO
[    0.321767] NetLabel:  unlabeled traffic allowed by default
[    0.321767] PCI: Using ACPI for IRQ routing
[    0.321767] PCI: pci_cache_line_size set to 64 bytes
[    0.321897] e820: reserve RAM buffer [mem 0x0009fc00-0x0009ffff]
[    0.321902] e820: reserve RAM buffer [mem 0xdfff0000-0xdfffffff]
[    0.322428] clocksource: Switched to clocksource kvm-clock
[    0.330549] VFS: Disk quotas dquot_6.6.0
[    0.330558] VFS: Dquot-cache hash table entries: 512 (order 0, 4096 bytes)
[    0.330635] AppArmor: AppArmor Filesystem Enabled
[    0.330648] pnp: PnP ACPI init
[    0.330699] pnp 00:00: Plug and Play ACPI device, IDs PNP0303 (active)
[    0.330737] pnp 00:01: Plug and Play ACPI device, IDs PNP0f03 (active)
[    0.331164] pnp: PnP ACPI: found 2 devices
[    0.336455] clocksource: acpi_pm: mask: 0xffffff max_cycles: 0xffffff, max_idle_ns: 2085701024 ns
[    0.336493] NET: Registered protocol family 2
[    0.336613] tcp_listen_portaddr_hash hash table entries: 4096 (order: 4, 65536 bytes, linear)
[    0.336650] TCP established hash table entries: 65536 (order: 7, 524288 bytes, linear)
[    0.336750] TCP bind hash table entries: 65536 (order: 8, 1048576 bytes, linear)
[    0.336811] TCP: Hash tables configured (established 65536 bind 65536)
[    0.336857] MPTCP token hash table entries: 8192 (order: 5, 196608 bytes, linear)
[    0.336883] UDP hash table entries: 4096 (order: 5, 131072 bytes, linear)
[    0.336897] UDP-Lite hash table entries: 4096 (order: 5, 131072 bytes, linear)
[    0.336927] NET: Registered protocol family 1
[    0.336930] NET: Registered protocol family 44
[    0.336940] pci_bus 0000:00: resource 4 [io  0x0000-0x0cf7 window]
[    0.336940] pci_bus 0000:00: resource 5 [io  0x0d00-0xffff window]
[    0.336941] pci_bus 0000:00: resource 6 [mem 0x000a0000-0x000bffff window]
[    0.336942] pci_bus 0000:00: resource 7 [mem 0xe0000000-0xfdffffff window]
[    0.336968] pci 0000:00:00.0: Limiting direct PCI/PCI transfers
[    0.336975] pci 0000:00:01.0: Activating ISA DMA hang workarounds
[    0.337005] pci 0000:00:02.0: Video device with shadowed ROM at [mem 0x000c0000-0x000dffff]
[    0.338049] PCI: CLS 0 bytes, default 64
[    0.338074] Trying to unpack rootfs image as initramfs...
[    0.421160] Freeing initrd memory: 49312K
[    0.421230] PCI-DMA: Using software bounce buffering for IO (SWIOTLB)
[    0.421233] software IO TLB: mapped [mem 0xdbff0000-0xdfff0000] (64MB)
[    0.421265] clocksource: tsc: mask: 0xffffffffffffffff max_cycles: 0x28680c0c25b, max_idle_ns: 440795263258 ns
[    0.421361] clocksource: Switched to clocksource tsc
[    0.421396] platform rtc_cmos: registered platform RTC device (no PNP device found)
[    0.421409] check: Scanning for low memory corruption every 60 seconds
[    0.421888] Initialise system trusted keyrings
[    0.421899] Key type blacklist registered
[    0.422060] workingset: timestamp_bits=36 max_order=21 bucket_order=0
[    0.422633] zbud: loaded
[    0.422762] squashfs: version 4.0 (2009/01/31) Phillip Lougher
[    0.422984] fuse: init (API version 7.31)
[    0.423201] integrity: Platform Keyring initialized
[    0.429413] Key type asymmetric registered
[    0.429414] Asymmetric key parser 'x509' registered
[    0.429423] Block layer SCSI generic (bsg) driver version 0.4 loaded (major 244)
[    0.429579] io scheduler mq-deadline registered
[    0.430052] shpchp: Standard Hot Plug PCI Controller Driver version: 0.4
[    0.430189] ACPI: AC Adapter [AC] (on-line)
[    0.430222] input: Power Button as /devices/LNXSYSTM:00/LNXPWRBN:00/input/input0
[    0.430241] ACPI: Power Button [PWRF]
[    0.430275] input: Sleep Button as /devices/LNXSYSTM:00/LNXSLPBN:00/input/input1
[    0.430283] ACPI: Sleep Button [SLPF]
[    0.430627] Serial: 8250/16550 driver, 32 ports, IRQ sharing enabled
[    0.431107] battery: ACPI: Battery Slot [BAT0] (battery present)
[    0.431382] Linux agpgart interface v0.103
[    0.432705] loop: module loaded
[    0.432789] ata_piix 0000:00:01.1: version 2.13
[    0.433309] scsi host0: ata_piix
[    0.433784] scsi host1: ata_piix
[    0.433805] ata1: PATA max UDMA/33 cmd 0x1f0 ctl 0x3f6 bmdma 0xd000 irq 14
[    0.433805] ata2: PATA max UDMA/33 cmd 0x170 ctl 0x376 bmdma 0xd008 irq 15
[    0.433890] libphy: Fixed MDIO Bus: probed
[    0.433891] tun: Universal TUN/TAP device driver, 1.6
[    0.433910] PPP generic driver version 2.4.2
[    0.433933] VFIO - User Level meta-driver version: 0.3
[    0.434007] ehci_hcd: USB 2.0 'Enhanced' Host Controller (EHCI) Driver
[    0.434010] ehci-pci: EHCI PCI platform driver
[    0.434014] ehci-platform: EHCI generic platform driver
[    0.434018] ohci_hcd: USB 1.1 'Open' Host Controller (OHCI) Driver
[    0.434019] ohci-pci: OHCI PCI platform driver
[    0.434441] ohci-pci 0000:00:06.0: OHCI PCI host controller
[    0.434445] ohci-pci 0000:00:06.0: new USB bus registered, assigned bus number 1
[    0.434484] ohci-pci 0000:00:06.0: irq 22, io mem 0xf0804000
[    0.526135] usb usb1: New USB device found, idVendor=1d6b, idProduct=0001, bcdDevice= 5.09
[    0.526163] usb usb1: New USB device strings: Mfr=3, Product=2, SerialNumber=1
[    0.526167] usb usb1: Product: OHCI PCI host controller
[    0.526171] usb usb1: Manufacturer: Linux 5.9.1.201821048 ohci_hcd
[    0.526173] usb usb1: SerialNumber: 0000:00:06.0
[    0.526373] hub 1-0:1.0: USB hub found
[    0.526455] hub 1-0:1.0: 12 ports detected
[    0.527206] ohci-platform: OHCI generic platform driver
[    0.527230] uhci_hcd: USB Universal Host Controller Interface driver
[    0.527330] i8042: PNP: PS/2 Controller [PNP0303:PS2K,PNP0f03:PS2M] at 0x60,0x64 irq 1,12
[    0.528259] serio: i8042 KBD port at 0x60,0x64 irq 1
[    0.528269] serio: i8042 AUX port at 0x60,0x64 irq 12
[    0.528461] mousedev: PS/2 mouse device common for all mice
[    0.529640] input: AT Translated Set 2 keyboard as /devices/platform/i8042/serio0/input/input2
[    0.529849] rtc_cmos rtc_cmos: registered as rtc0
[    0.530092] rtc_cmos rtc_cmos: setting system clock to 2021-06-13T14:14:00 UTC (1623593640)
[    0.530129] rtc_cmos rtc_cmos: alarms up to one day, 114 bytes nvram
[    0.530143] i2c /dev entries driver
[    0.530225] device-mapper: uevent: version 1.0.3
[    0.530323] device-mapper: ioctl: 4.42.0-ioctl (2020-02-27) initialised: dm-devel@redhat.com
[    0.530362] platform eisa.0: Probing EISA bus 0
[    0.530365] platform eisa.0: EISA: Cannot allocate resource for mainboard
[    0.530368] platform eisa.0: Cannot allocate resource for EISA slot 1
[    0.530370] platform eisa.0: Cannot allocate resource for EISA slot 2
[    0.530372] platform eisa.0: Cannot allocate resource for EISA slot 3
[    0.530374] platform eisa.0: Cannot allocate resource for EISA slot 4
[    0.530376] platform eisa.0: Cannot allocate resource for EISA slot 5
[    0.530379] platform eisa.0: Cannot allocate resource for EISA slot 6
[    0.530381] platform eisa.0: Cannot allocate resource for EISA slot 7
[    0.530383] platform eisa.0: Cannot allocate resource for EISA slot 8
[    0.530385] platform eisa.0: EISA: Detected 0 cards
[    0.530388] intel_pstate: CPU model not supported
[    0.530838] ledtrig-cpu: registered to indicate activity on CPUs
[    0.531062] drop_monitor: Initializing network drop monitor service
[    0.531346] NET: Registered protocol family 10
[    0.544344] Segment Routing with IPv6
[    0.544392] NET: Registered protocol family 17
[    0.544750] Key type dns_resolver registered
[    0.545799] IPI shorthand broadcast: enabled
[    0.545812] sched_clock: Marking stable (538798730, 6932550)->(550049411, -4318131)
[    0.546035] registered taskstats version 1
[    0.546051] Loading compiled-in X.509 certificates
[    0.548072] Loaded X.509 cert 'Build time autogenerated kernel key: 7439305e6084f998b35aa5b3d858f0c27eed5e69'
[    0.548121] zswap: loaded using pool lzo/zbud
[    0.549018] Key type ._fscrypt registered
[    0.549019] Key type .fscrypt registered
[    0.549021] Key type fscrypt-provisioning registered
[    0.555233] Key type encrypted registered
[    0.555241] AppArmor: AppArmor sha1 policy hashing enabled
[    0.555254] ima: No TPM chip found, activating TPM-bypass!
[    0.555270] ima: Allocated hash algorithm: sha1
[    0.555283] ima: No architecture policies found
[    0.555303] evm: Initialising EVM extended attributes:
[    0.555305] evm: security.selinux
[    0.555306] evm: security.SMACK64
[    0.555308] evm: security.SMACK64EXEC
[    0.555309] evm: security.SMACK64TRANSMUTE
[    0.555310] evm: security.SMACK64MMAP
[    0.555311] evm: security.apparmor
[    0.555313] evm: security.ima
[    0.555314] evm: security.capability
[    0.555316] evm: HMAC attrs: 0x1
[    0.555891] PM:   Magic number: 9:628:232
[    0.556365] RAS: Correctable Errors collector initialized.
[    0.598850] ata2.00: ATAPI: VBOX CD-ROM, 1.0, max UDMA/133
[    0.599203] ata1.00: ATAPI: VBOX CD-ROM, 1.0, max UDMA/133
[    0.601020] scsi 0:0:0:0: CD-ROM            VBOX     CD-ROM           1.0  PQ: 0 ANSI: 5
[    0.602241] sr 0:0:0:0: [sr0] scsi3-mmc drive: 32x/32x xa/form2 tray
[    0.602244] cdrom: Uniform CD-ROM driver Revision: 3.20
[    0.602658] sr 0:0:0:0: Attached scsi CD-ROM sr0
[    0.602805] sr 0:0:0:0: Attached scsi generic sg0 type 5
[    0.603608] scsi 1:0:0:0: CD-ROM            VBOX     CD-ROM           1.0  PQ: 0 ANSI: 5
[    0.604590] sr 1:0:0:0: [sr1] scsi3-mmc drive: 32x/32x xa/form2 tray
[    0.604975] sr 1:0:0:0: Attached scsi CD-ROM sr1
[    0.605180] sr 1:0:0:0: Attached scsi generic sg1 type 5
[    0.608045] Freeing unused decrypted memory: 2040K
[    0.608829] Freeing unused kernel image (initmem) memory: 2632K
[    0.812503] Write protecting the kernel read-only data: 22528k
[    0.812985] Freeing unused kernel image (text/rodata gap) memory: 2044K
[    0.813254] Freeing unused kernel image (rodata/data gap) memory: 1028K
[    0.888936] x86/mm: Checked W+X mappings: passed, no W+X pages found.
[    0.888947] Run /init as init process
[    0.888948]   with arguments:
[    0.888948]     /init
[    0.888949]     splash
[    0.888949]   with environment:
[    0.888950]     HOME=/
[    0.888950]     TERM=linux
[    0.888951]     BOOT_IMAGE=/boot/vmlinuz-5.9.1.201821048
[    0.935121] e1000: Intel(R) PRO/1000 Network Driver
[    0.935122] e1000: Copyright (c) 1999-2006 Intel Corporation.
[    0.937235] ACPI: Video Device [GFX0] (multi-head: yes  rom: no  post: no)
[    0.937288] input: Video Bus as /devices/LNXSYSTM:00/LNXSYBUS:00/PNP0A03:00/LNXVIDEO:00/input/input4
[    0.939938] piix4_smbus 0000:00:07.0: SMBus Host Controller at 0x4100, revision 0
[    0.944768] ahci 0000:00:0d.0: version 3.0
[    0.945374] ahci 0000:00:0d.0: SSS flag set, parallel bus scan disabled
[    0.945628] ahci 0000:00:0d.0: AHCI 0001.0100 32 slots 1 ports 3 Gbps 0x1 impl SATA mode
[    0.945630] ahci 0000:00:0d.0: flags: 64bit ncq stag only ccc 
[    0.953595] scsi host2: ahci
[    0.953786] ata3: SATA max UDMA/133 abar m8192@0xf0806000 port 0xf0806100 irq 21
[    1.142253] usb 1-1: new full-speed USB device number 2 using ohci-pci
[    1.153466] input: ImExPS/2 Generic Explorer Mouse as /devices/platform/i8042/serio1/input/input5
[    1.268546] ata3: SATA link up 3.0 Gbps (SStatus 123 SControl 300)
[    1.268774] ata3.00: ATA-6: VBOX HARDDISK, 1.0, max UDMA/133
[    1.268775] ata3.00: 83886080 sectors, multi 128: LBA48 NCQ (depth 32)
[    1.269073] ata3.00: configured for UDMA/133
[    1.269191] scsi 2:0:0:0: Direct-Access     ATA      VBOX HARDDISK    1.0  PQ: 0 ANSI: 5
[    1.269383] sd 2:0:0:0: Attached scsi generic sg2 type 0
[    1.269412] sd 2:0:0:0: [sda] 83886080 512-byte logical blocks: (42.9 GB/40.0 GiB)
[    1.269417] sd 2:0:0:0: [sda] Write Protect is off
[    1.269418] sd 2:0:0:0: [sda] Mode Sense: 00 3a 00 00
[    1.269426] sd 2:0:0:0: [sda] Write cache: enabled, read cache: enabled, doesn't support DPO or FUA
[    1.344170]  sda: sda1 sda2 < sda5 >
[    1.344753] sd 2:0:0:0: [sda] Attached SCSI disk
[    1.346230] e1000 0000:00:03.0 eth0: (PCI:33MHz:32-bit) 08:00:27:aa:11:a0
[    1.346234] e1000 0000:00:03.0 eth0: Intel(R) PRO/1000 Network Connection
[    1.347456] e1000 0000:00:03.0 enp0s3: renamed from eth0
[    1.496678] usb 1-1: New USB device found, idVendor=80ee, idProduct=0021, bcdDevice= 1.00
[    1.496679] usb 1-1: New USB device strings: Mfr=1, Product=3, SerialNumber=0
[    1.496680] usb 1-1: Product: USB Tablet
[    1.496681] usb 1-1: Manufacturer: VirtualBox
[    1.505132] hid: raw HID events driver (C) Jiri Kosina
[    1.520107] usbcore: registered new interface driver usbhid
[    1.520108] usbhid: USB HID core driver
[    1.521901] input: VirtualBox USB Tablet as /devices/pci0000:00/0000:00:06.0/usb1/1-1/1-1:1.0/0003:80EE:0021.0001/input/input6
[    1.521945] hid-generic 0003:80EE:0021.0001: input,hidraw0: USB HID v1.10 Mouse [VirtualBox USB Tablet] on usb-0000:00:06.0-1/input0
[    1.567084] EXT4-fs (sda5): mounted filesystem with ordered data mode. Opts: (null)
[    1.687982] systemd[1]: Inserted module 'autofs4'
[    1.705077] systemd[1]: systemd 245.4-4ubuntu3.4 running in system mode. (+PAM +AUDIT +SELINUX +IMA +APPARMOR +SMACK +SYSVINIT +UTMP +LIBCRYPTSETUP +GCRYPT +GNUTLS +ACL +XZ +LZ4 +SECCOMP +BLKID +ELFUTILS +KMOD +IDN2 -IDN +PCRE2 default-hierarchy=hybrid)
[    1.705129] systemd[1]: Detected virtualization oracle.
[    1.705136] systemd[1]: Detected architecture x86-64.
[    1.735196] systemd[1]: Set hostname to <seoyeong-VirtualBox>.
[    1.824558] systemd[1]: /lib/systemd/system/dbus.socket:5: ListenStream= references a path below legacy directory /var/run/, updating /var/run/dbus/system_bus_socket â†’ /run/dbus/system_bus_socket; please update the unit file accordingly.
[    1.877939] systemd[1]: Created slice system-modprobe.slice.
[    1.878097] systemd[1]: Created slice system-systemd\x2dfsck.slice.
[    1.878199] systemd[1]: Created slice User and Session Slice.
[    1.878228] systemd[1]: Started Forward Password Requests to Wall Directory Watch.
[    1.878325] systemd[1]: Set up automount Arbitrary Executable File Formats File System Automount Point.
[    1.878347] systemd[1]: Reached target User and Group Name Lookups.
[    1.878356] systemd[1]: Reached target Remote File Systems.
[    1.878361] systemd[1]: Reached target Slices.
[    1.878369] systemd[1]: Reached target System Time Set.
[    1.878375] systemd[1]: Reached target System Time Synchronized.
[    1.878838] systemd[1]: Listening on Syslog Socket.
[    1.878886] systemd[1]: Listening on fsck to fsckd communication Socket.
[    1.878912] systemd[1]: Listening on initctl Compatibility Named Pipe.
[    1.879021] systemd[1]: Listening on Journal Audit Socket.
[    1.879058] systemd[1]: Listening on Journal Socket (/dev/log).
[    1.879106] systemd[1]: Listening on Journal Socket.
[    1.879148] systemd[1]: Listening on udev Control Socket.
[    1.879180] systemd[1]: Listening on udev Kernel Socket.
[    1.879727] systemd[1]: Mounting Huge Pages File System...
[    1.880258] systemd[1]: Mounting POSIX Message Queue File System...
[    1.880879] systemd[1]: Mounting Kernel Debug File System...
[    1.881419] systemd[1]: Mounting Kernel Trace File System...
[    1.882378] systemd[1]: Starting Journal Service...
[    1.882958] systemd[1]: Starting Set the console keyboard layout...
[    1.883957] systemd[1]: Starting Create list of static device nodes for the current kernel...
[    1.884591] systemd[1]: Starting Load Kernel Module drm...
[    1.885182] systemd[1]: Condition check resulted in Set Up Additional Binary Formats being skipped.
[    1.885210] systemd[1]: Condition check resulted in File System Check on Root Device being skipped.
[    1.886092] systemd[1]: Starting Load Kernel Modules...
[    1.886609] systemd[1]: Starting Remount Root and Kernel File Systems...
[    1.887178] systemd[1]: Starting udev Coldplug all Devices...
[    1.887772] systemd[1]: Starting Uncomplicated firewall...
[    1.890320] systemd[1]: Mounted Huge Pages File System.
[    1.890563] systemd[1]: Mounted POSIX Message Queue File System.
[    1.890662] systemd[1]: Mounted Kernel Debug File System.
[    1.891768] EXT4-fs (sda5): re-mounted. Opts: errors=remount-ro
[    1.899272] systemd[1]: Mounted Kernel Trace File System.
[    1.899656] systemd[1]: Finished Create list of static device nodes for the current kernel.
[    1.899881] systemd[1]: modprobe@drm.service: Succeeded.
[    1.900064] systemd[1]: Finished Load Kernel Module drm.
[    1.900399] systemd[1]: Finished Remount Root and Kernel File Systems.
[    1.900736] lp: driver loaded but no devices found
[    1.901167] systemd[1]: Finished Uncomplicated firewall.
[    1.901927] systemd[1]: Activating swap /swapfile...
[    1.902463] systemd[1]: Condition check resulted in Rebuild Hardware Database being skipped.
[    1.902507] systemd[1]: Condition check resulted in Platform Persistent Storage Archival being skipped.
[    1.903127] systemd[1]: Starting Load/Save Random Seed...
[    1.904424] ppdev: user-space parallel port driver
[    1.907306] systemd[1]: Starting Create System Users...
[    1.907806] systemd[1]: Finished Load Kernel Modules.
[    1.908426] systemd[1]: Mounting FUSE Control File System...
[    1.908989] systemd[1]: Mounting Kernel Configuration File System...
[    1.909511] systemd[1]: Starting Apply Kernel Variables...
[    1.911835] systemd[1]: Mounted Kernel Configuration File System.
[    1.913377] systemd[1]: Mounted FUSE Control File System.
[    1.914521] systemd[1]: Finished Create System Users.
[    1.915205] systemd[1]: Starting Create Static Device Nodes in /dev...
[    1.919792] systemd[1]: Finished Load/Save Random Seed.
[    1.932364] systemd[1]: Started Journal Service.
[    1.938703] systemd-journald[256]: Received client request to flush runtime journal.
[    2.037723] Adding 1918356k swap on /swapfile.  Priority:-2 extents:5 across:1951124k FS
[    2.087455] vboxguest: loading out-of-tree module taints kernel.
[    2.087555] vboxguest: module verification failed: signature and/or required key missing - tainting kernel
[    2.112431] vgdrvHeartbeatInit: Setting up heartbeat to trigger every 2000 milliseconds
[    2.112567] input: Unspecified device as /devices/pci0000:00/0000:00:04.0/input/input7
[    2.118198] vboxguest: Successfully loaded version 6.1.18
[    2.118223] vboxguest: misc device minor 58, IRQ 20, I/O port d040, MMIO at 00000000f0400000 (size 0x400000)
[    2.118224] vboxguest: Successfully loaded version 6.1.18 (interface 0x00010004)
[    2.146129] cryptd: max_cpu_qlen set to 1000
[    2.149591] [drm] DMA map mode: Caching DMA mappings.
[    2.149642] [drm] Capabilities:
[    2.149642] [drm]   Cursor.
[    2.149643] [drm]   Cursor bypass 2.
[    2.149643] [drm]   Alpha cursor.
[    2.149643] [drm]   3D.
[    2.149644] [drm]   Extended Fifo.
[    2.149644] [drm]   Pitchlock.
[    2.149644] [drm]   Irq mask.
[    2.149644] [drm]   GMR.
[    2.149645] [drm]   Traces.
[    2.149645] [drm]   GMR2.
[    2.149645] [drm]   Screen Object 2.
[    2.149647] [drm] Max GMR ids is 8192
[    2.149647] [drm] Max number of GMR pages is 1048576
[    2.149647] [drm] Max dedicated hypervisor surface memory is 507904 kiB
[    2.149648] [drm] Maximum display memory size is 16384 kiB
[    2.149648] [drm] VRAM at 0xe0000000 size is 16384 kiB
[    2.149649] [drm] MMIO at 0xf0000000 size is 2048 kiB
[    2.151601] AVX2 version of gcm_enc/dec engaged.
[    2.151602] AES CTR mode by8 optimization enabled
[    2.151973] [TTM] Zone  kernel: Available graphics memory: 2528020 KiB
[    2.151974] [TTM] Zone   dma32: Available graphics memory: 2097152 KiB
[    2.151974] [TTM] Initializing pool allocator
[    2.151977] [TTM] Initializing DMA pool allocator
[    2.158777] [drm] Screen Objects Display Unit initialized
[    2.158877] [drm] width 720
[    2.158883] [drm] height 400
[    2.158889] [drm] bpp 32
[    2.159088] [drm] Fifo max 0x00200000 min 0x00001000 cap 0x00000355
[    2.159102] [drm] Atomic: yes.
[    2.159118] [drm:vmw_host_log [vmwgfx]] *ERROR* Failed to send host log message.
[    2.159639] [drm:vmw_host_log [vmwgfx]] *ERROR* Failed to send host log message.
[    2.162513] fbcon: svgadrmfb (fb0) is primary device
[    2.165854] Console: switching to colour frame buffer device 100x37
[    2.167228] [drm] Initialized vmwgfx 2.18.0 20200114 for 0000:00:02.0 on minor 0
[    2.237496] intel_rapl_msr: PL4 support detected.
[   25.477633] snd_intel8x0 0000:00:05.0: allow list rate for 1028:0177 is 48000
[   25.520872] audit: type=1400 audit(1623593665.484:2): apparmor="STATUS" operation="profile_load" profile="unconfined" name="nvidia_modprobe" pid=558 comm="apparmor_parser"
[   25.520876] audit: type=1400 audit(1623593665.484:3): apparmor="STATUS" operation="profile_load" profile="unconfined" name="nvidia_modprobe//kmod" pid=558 comm="apparmor_parser"
[   25.521894] audit: type=1400 audit(1623593665.488:4): apparmor="STATUS" operation="profile_load" profile="unconfined" name="ippusbxd" pid=560 comm="apparmor_parser"
[   25.527775] audit: type=1400 audit(1623593665.492:5): apparmor="STATUS" operation="profile_load" profile="unconfined" name="/usr/lib/snapd/snap-confine" pid=563 comm="apparmor_parser"
[   25.527779] audit: type=1400 audit(1623593665.492:6): apparmor="STATUS" operation="profile_load" profile="unconfined" name="/usr/lib/snapd/snap-confine//mount-namespace-capture-helper" pid=563 comm="apparmor_parser"
[   25.527780] audit: type=1400 audit(1623593665.492:7): apparmor="STATUS" operation="profile_load" profile="unconfined" name="/usr/lib/cups/backend/cups-pdf" pid=562 comm="apparmor_parser"
[   25.527782] audit: type=1400 audit(1623593665.492:8): apparmor="STATUS" operation="profile_load" profile="unconfined" name="/usr/sbin/cupsd" pid=562 comm="apparmor_parser"
[   25.527783] audit: type=1400 audit(1623593665.492:9): apparmor="STATUS" operation="profile_load" profile="unconfined" name="/usr/sbin/cupsd//third_party" pid=562 comm="apparmor_parser"
[   25.530492] audit: type=1400 audit(1623593665.496:10): apparmor="STATUS" operation="profile_load" profile="unconfined" name="/usr/bin/man" pid=564 comm="apparmor_parser"
[   25.530495] audit: type=1400 audit(1623593665.496:11): apparmor="STATUS" operation="profile_load" profile="unconfined" name="man_filter" pid=564 comm="apparmor_parser"
[   25.907370] e1000: enp0s3 NIC Link is Up 1000 Mbps Full Duplex, Flow Control: RX
[   25.907700] IPv6: ADDRCONF(NETDEV_CHANGE): enp0s3: link becomes ready
[   29.285659] 14:14:29.255652 main     VBoxService 6.1.18 r142142 (verbosity: 0) linux.amd64 (Jan  7 2021 17:26:51) release log
               14:14:29.255654 main     Log opened 2021-06-13T14:14:29.255647000Z
[   29.285705] 14:14:29.255747 main     OS Product: Linux
[   29.285722] 14:14:29.255768 main     OS Release: 5.9.1.201821048
[   29.285961] 14:14:29.255785 main     OS Version: #2 SMP Sun Jun 13 19:27:16 KST 2021
[   29.285989] 14:14:29.256025 main     Executable: /opt/VBoxGuestAdditions-6.1.18/sbin/VBoxService
               14:14:29.256025 main     Process ID: 893
               14:14:29.256025 main     Package type: LINUX_64BITS_GENERIC
[   29.286871] 14:14:29.256905 main     6.1.18 r142142 started. Verbose level = 0
[   29.287744] 14:14:29.257765 main     vbglR3GuestCtrlDetectPeekGetCancelSupport: Supported (#1)
[   29.298422] vboxsf: g_fHostFeatures=0x8000000f g_fSfFeatures=0x1 g_uSfLastFunction=29
[   29.298592] vboxsf: Successfully loaded version 6.1.18
[   29.298623] vboxsf: Successfully loaded version 6.1.18 (LINUX_VERSION_CODE=0x50901)
[   29.299400] 14:14:29.269426 automount vbsvcAutomounterMountIt: Successfully mounted 'Shared_win_seoyeong' on '/media/sf_Shared_win_seoyeong'
[   32.054555] rfkill: input handler disabled
[   42.170092] rfkill: input handler enabled
[   43.846051] ISO 9660 Extensions: Microsoft Joliet Level 3
[   43.846063] ISO 9660 Extensions: Microsoft Joliet Level 3
[   43.864944] ISO 9660 Extensions: RRIP_1991A
[   43.916849] ISO 9660 Extensions: RRIP_1991A
[   43.976783] rfkill: input handler disabled
[   44.141687] kauditd_printk_skb: 26 callbacks suppressed
[   44.141688] audit: type=1400 audit(1623593684.101:38): apparmor="DENIED" operation="capable" profile="/snap/snapd/12057/usr/lib/snapd/snap-confine" pid=1958 comm="snap-confine" capability=4  capname="fsetid"
[   45.868229] audit: type=1326 audit(1623593685.824:39): auid=1000 uid=1000 gid=1000 ses=3 subj==snap.snap-store.ubuntu-software (enforce) pid=1958 comm="snap-store" exe="/snap/snap-store/542/usr/bin/snap-store" sig=0 arch=c000003e syscall=314 compat=0 ip=0x7f79441d1639 code=0x50000
[   46.908875] audit: type=1400 audit(1623593686.863:40): apparmor="DENIED" operation="open" profile="snap.snap-store.ubuntu-software" name="/etc/PackageKit/Vendor.conf" pid=1958 comm="snap-store" requested_mask="r" denied_mask="r" fsuid=1000 ouid=0
[   62.551656] audit: type=1400 audit(1623593701.808:41): apparmor="DENIED" operation="open" profile="snap.snap-store.ubuntu-software" name="/var/lib/snapd/hostfs/usr/share/gdm/greeter/applications/gnome-initial-setup.desktop" pid=1958 comm="pool-org.gnome." requested_mask="r" denied_mask="r" fsuid=1000 ouid=0
[   62.568366] audit: type=1400 audit(1623593701.824:42): apparmor="DENIED" operation="open" profile="snap.snap-store.ubuntu-software" name="/var/lib/snapd/hostfs/usr/share/gdm/greeter/applications/gnome-initial-setup.desktop" pid=1958 comm="pool-org.gnome." requested_mask="r" denied_mask="r" fsuid=1000 ouid=0
[   62.952592] audit: type=1326 audit(1623593702.208:43): auid=1000 uid=1000 gid=1000 ses=3 subj==snap.snap-store.ubuntu-software (enforce) pid=1958 comm="pool-org.gnome." exe="/snap/snap-store/542/usr/bin/snap-store" sig=0 arch=c000003e syscall=93 compat=0 ip=0x7f79441c74e7 code=0x50000
[   87.601725] Hello, kernel! num = 1
[   88.670240] Hello, kernel! num = 324
[   90.096754] Hello, kernel! num = 3245
[   91.383468] Hello, kernel! num = 2
[   93.610502] Hello, kernel! num = 100
